nohup: ignoring input
━━━━━━━━━━━━━━━━━━━━━━━━━━━━━━━━━━━━━━━━━━━━━━━━━━━━━━━━━━━━
🚀 PHASE 3: DATA SCALING TEST (50M tokens)
━━━━━━━━━━━━━━━━━━━━━━━━━━━━━━━━━━━━━━━━━━━━━━━━━━━━━━━━━━━━

📊 Configuration:
   Model:     256H × 4L (same as baseline)
   Data:      50M interleaved tokens (5× baseline)
   Steps:     10,000 (with early stopping)
   Batch:     16 effective (8 × 2)
   Compute:   ~30 GPU hours

🎯 Hypothesis:
   If loss < 3.9: Data was bottleneck → scale data is high-ROI
   If loss ≥ 4.1: Data quantity not limiting → focus on model

📝 Output:
   Directory: outputs/p3-optimized-50m-data/
   Metrics:   loss_curve.csv + early stopping tracking
   Log:       training output to console + file

⏱️  Starting: Tue Mar  3 22:23:55 -04 2026
━━━━━━━━━━━━━━━━━━━━━━━━━━━━━━━━━━━━━━━━━━━━━━━━━━━━━━━━━━━━

✓ PyTorch 2.10.0+cu128
✓ CUDA available: True
✓ GPU 0: NVIDIA GeForce RTX 4090
Experiment : p3-optimized-50m-data
Output dir : ./outputs/p3-optimized-50m-data
Device      : cuda
Model      : hidden_size=256, vocab_size=50304, layers=4, heads=4
Training   : max_steps=10000, lr=0.0003, batch_size=8
Loading training data from data/fast/interleaved_mixed_50m_tokens_bpe_gpt2.npy
DataLoader : 4 workers, prefetch_factor=2, persistent_workers=True
Attention backend: flash
Optimizer  : Using selective weight decay (excluding bias and LayerNorm parameters)
Scheduler  : Warmup 200 steps, cosine decay to 10% over 10000 steps
Precision  : Using mixed precision (AMP) with bf16
Gradient   : Clipping at norm 1.0
Accumulation: 2 micro-batches (effective batch size: 16)
step    50/10000  loss=10.2990  ppl=29703.97  lr=7.50e-05  tokens/s=22370  mem=1567MB
step   100/10000  loss=9.4346  ppl=12514.49  lr=1.50e-04  tokens/s=24286  mem=1567MB
step   150/10000  loss=8.3401  ppl=4188.35  lr=2.25e-04  tokens/s=24138  mem=1567MB
Terminated
