Experiment : p3-optimized-50m-data
Output dir : ./outputs/p3-optimized-50m-data
Device      : cuda
Model      : hidden_size=256, vocab_size=50304, layers=4, heads=4
Training   : max_steps=10000, lr=0.0003, batch_size=8
Loading training data from data/fast/interleaved_mixed_50m_tokens_bpe_gpt2.npy
DataLoader : 4 workers, prefetch_factor=2, persistent_workers=True
Attention backend: flash
Optimizer  : Using selective weight decay (excluding bias and LayerNorm parameters)
Scheduler  : Warmup 200 steps, cosine decay to 10% over 10000 steps
Precision  : Using mixed precision (AMP) with bf16
Gradient   : Clipping at norm 1.0
Accumulation: 2 micro-batches (effective batch size: 16)
step    50/10000  loss=10.2990  ppl=29703.97  lr=7.50e-05  tokens/s=179230  mem=1567MB
step   100/10000  loss=9.4346  ppl=12514.49  lr=1.50e-04  tokens/s=169223  mem=1567MB
step   150/10000  loss=8.3401  ppl=4188.35  lr=2.25e-04  tokens/s=170540  mem=1567MB
✓ Val loss improved to 7.8137

🛑 Early stopping triggered after 0 evals without improvement
step   200/10000  loss=7.5935  ppl=1985.16  lr=3.00e-04  tokens/s=180677  mem=1567MB  val=7.8137
Loss curve : outputs/p3-optimized-50m-data/loss_curve.csv
Data       : train_tokens=50000000, train_samples=175096, val_tokens=splits, val_samples=19456
Training done. initial_loss=10.9109 final_loss=7.5935 initial_ppl=54771.06 final_ppl=1985.16
Checkpoint : outputs/p3-optimized-50m-data/checkpoint.pt
